﻿npx :  ΓÜá `experimental.instrumentationHook` is no longer needed, because 
`instrumentation.js` is available by default. You can remove it from 
next.config.ts.
At line:1 char:1
+ npx next build 2>&1 | Tee-Object -FilePath build-errors.txt; echo "BU ...
+ ~~~~~~~~~~~~~~~~~~~
    + CategoryInfo          : NotSpecified: ( ΓÜá `experimen...next.config.ts. 
   :String) [], RemoteException
    + FullyQualifiedErrorId : NativeCommandError
 
 ΓÜá Invalid next.config.ts options detected: 
 ΓÜá     Unrecognized key(s) in object: 'instrumentationHook' at "experimental"
 ΓÜá See more info here: https://nextjs.org/docs/messages/invalid-next-config
   Γû▓ Next.js 15.5.9
   - Environments: .env.local, .env
   - Experiments (use with caution):
     ┬╖ serverActions
     Γ£ô instrumentationHook

   Creating an optimized production build ...
<w> [webpack.cache.PackFileCacheStrategy] Caching failed for pack: Error: 
ENOENT: no such file or directory, rename 
'C:\Users\Hp\Documents\studio\.next\cache\webpack\server-production\2.pack_' 
-> 'C:\Users\Hp\Documents\studio\.next\cache\webpack\server-production\2.pack'
 Γ£ô Compiled successfully in 17.0min
   Skipping linting
   Checking validity of types ...
   Collecting page data ...

> Build error occurred
[Error: ENOENT: no such file or directory, open 
'C:\Users\Hp\Documents\studio\.next\server\pages-manifest.json'] {
  errno: -4058,
  code: 'ENOENT',
  syscall: 'open',
  path: 'C:\\Users\\Hp\\Documents\\studio\\.next\\server\\pages-manifest.json'
}
